Watching for file changes with StatReloader
C:\Users\Apurba Sarkar\Desktop\SWAMI VIVEKANANDA UNIVERSITY\cu_clone\core\views.py changed, reloading.
Performing system checks...

System check identified no issues (0 silenced).
August 04, 2026 - 16:16:26
Django version 4.2.30, using settings 'cu_clone.settings'
Starting development server at http://0.0.0.0:8000/
Quit the server with CTRL-BREAK.

Watching for file changes with StatReloader
C:\Users\Apurba Sarkar\Desktop\SWAMI VIVEKANANDA UNIVERSITY\cu_clone\core\views.py changed, reloading.
Performing system checks...

System check identified no issues (0 silenced).
August 04, 2026 - 16:25:24
Django version 4.2.30, using settings 'cu_clone.settings'
Starting development server at http://0.0.0.0:8000/
Quit the server with CTRL-BREAK.

Watching for file changes with StatReloader
C:\Users\Apurba Sarkar\Desktop\SWAMI VIVEKANANDA UNIVERSITY\cu_clone\core\views.py changed, reloading.
Performing system checks...

System check identified no issues (0 silenced).
August 04, 2026 - 16:25:34
Django version 4.2.30, using settings 'cu_clone.settings'
Starting development server at http://0.0.0.0:8000/
Quit the server with CTRL-BREAK.

Watching for file changes with StatReloader
C:\Users\Apurba Sarkar\Desktop\SWAMI VIVEKANANDA UNIVERSITY\cu_clone\core\views.py changed, reloading.
Performing system checks...

System check identified no issues (0 silenced).
August 04, 2026 - 17:04:52
Django version 4.2.30, using settings 'cu_clone.settings'
Starting development server at http://0.0.0.0:8000/
Quit the server with CTRL-BREAK.

Watching for file changes with StatReloader
C:\Users\Apurba Sarkar\Desktop\SWAMI VIVEKANANDA UNIVERSITY\cu_clone\core\views.py changed, reloading.
Performing system checks...

System check identified no issues (0 silenced).
August 04, 2026 - 17:05:06
Django version 4.2.30, using settings 'cu_clone.settings'
Starting development server at http://0.0.0.0:8000/
Quit the server with CTRL-BREAK.

Watching for file changes with StatReloader
